I'm sorry, but errors were detected in your script. Please correct the
errors listed below, and try again.


File "game/screens.rpy", line 1362: 'print' is not a keyword argument or valid child of the screen statement.
    print(dialogue)
         ^

Ren'Py Version: Ren'Py 8.3.7.25031702
Fri Nov  7 03:42:36 2025
